// Jest Snapshot v1, https://goo.gl/fbAQLP

exports[`NetworkStack prod matches the snapshot 1`] = `
{
  "Outputs": {
    "AlbSecurityGroupId": {
      "Description": "SPS load-balancer security group id",
      "Value": {
        "Fn::GetAtt": [
          "AlbSecurityGroup86A59E99",
          "GroupId",
        ],
      },
    },
    "AppSecurityGroupId": {
      "Description": "SPS application-tier security group id",
      "Value": {
        "Fn::GetAtt": [
          "AppSecurityGroupC396D536",
          "GroupId",
        ],
      },
    },
    "EtlSecurityGroupId": {
      "Description": "SPS ETL security group id",
      "Value": {
        "Fn::GetAtt": [
          "EtlSecurityGroup5D059AE5",
          "GroupId",
        ],
      },
    },
    "ExportsOutputFnGetAttAlbSecurityGroup86A59E99GroupIdE3A37BC7": {
      "Export": {
        "Name": "Sps-Network-prod:ExportsOutputFnGetAttAlbSecurityGroup86A59E99GroupIdE3A37BC7",
      },
      "Value": {
        "Fn::GetAtt": [
          "AlbSecurityGroup86A59E99",
          "GroupId",
        ],
      },
    },
    "ExportsOutputFnGetAttAppSecurityGroupC396D536GroupId4ECD26A6": {
      "Export": {
        "Name": "Sps-Network-prod:ExportsOutputFnGetAttAppSecurityGroupC396D536GroupId4ECD26A6",
      },
      "Value": {
        "Fn::GetAtt": [
          "AppSecurityGroupC396D536",
          "GroupId",
        ],
      },
    },
    "ExportsOutputFnGetAttEtlSecurityGroup5D059AE5GroupId2BECA072": {
      "Export": {
        "Name": "Sps-Network-prod:ExportsOutputFnGetAttEtlSecurityGroup5D059AE5GroupId2BECA072",
      },
      "Value": {
        "Fn::GetAtt": [
          "EtlSecurityGroup5D059AE5",
          "GroupId",
        ],
      },
    },
    "ExportsOutputRefVpc8378EB38272D6E3A": {
      "Export": {
        "Name": "Sps-Network-prod:ExportsOutputRefVpc8378EB38272D6E3A",
      },
      "Value": {
        "Ref": "Vpc8378EB38",
      },
    },
    "ExportsOutputRefVpcprivateSubnet1RouteTable1979EACBE1BD1DD4": {
      "Export": {
        "Name": "Sps-Network-prod:ExportsOutputRefVpcprivateSubnet1RouteTable1979EACBE1BD1DD4",
      },
      "Value": {
        "Ref": "VpcprivateSubnet1RouteTable1979EACB",
      },
    },
    "ExportsOutputRefVpcprivateSubnet1SubnetCEAD37168693D373": {
      "Export": {
        "Name": "Sps-Network-prod:ExportsOutputRefVpcprivateSubnet1SubnetCEAD37168693D373",
      },
      "Value": {
        "Ref": "VpcprivateSubnet1SubnetCEAD3716",
      },
    },
    "ExportsOutputRefVpcprivateSubnet2RouteTable4D0FFC8C36E62A4A": {
      "Export": {
        "Name": "Sps-Network-prod:ExportsOutputRefVpcprivateSubnet2RouteTable4D0FFC8C36E62A4A",
      },
      "Value": {
        "Ref": "VpcprivateSubnet2RouteTable4D0FFC8C",
      },
    },
    "ExportsOutputRefVpcprivateSubnet2Subnet2DE7549CDF5ACE3D": {
      "Export": {
        "Name": "Sps-Network-prod:ExportsOutputRefVpcprivateSubnet2Subnet2DE7549CDF5ACE3D",
      },
      "Value": {
        "Ref": "VpcprivateSubnet2Subnet2DE7549C",
      },
    },
    "ExportsOutputRefVpcpublicSubnet1Subnet2BB74ED74EB42ADC": {
      "Export": {
        "Name": "Sps-Network-prod:ExportsOutputRefVpcpublicSubnet1Subnet2BB74ED74EB42ADC",
      },
      "Value": {
        "Ref": "VpcpublicSubnet1Subnet2BB74ED7",
      },
    },
    "ExportsOutputRefVpcpublicSubnet2SubnetE34B022AC8BB6627": {
      "Export": {
        "Name": "Sps-Network-prod:ExportsOutputRefVpcpublicSubnet2SubnetE34B022AC8BB6627",
      },
      "Value": {
        "Ref": "VpcpublicSubnet2SubnetE34B022A",
      },
    },
    "VpcId": {
      "Description": "SPS VPC id",
      "Value": {
        "Ref": "Vpc8378EB38",
      },
    },
  },
  "Parameters": {
    "BootstrapVersion": {
      "Default": "/cdk-bootstrap/hnb659fds/version",
      "Description": "Version of the CDK Bootstrap resources in this environment, automatically retrieved from SSM Parameter Store. [cdk:skip]",
      "Type": "AWS::SSM::Parameter::Value<String>",
    },
  },
  "Resources": {
    "AlbSecurityGroup86A59E99": {
      "Properties": {
        "GroupDescription": "SPS Application Load Balancer (prod)",
        "SecurityGroupEgress": [
          {
            "CidrIp": "0.0.0.0/0",
            "Description": "Allow all outbound traffic by default",
            "IpProtocol": "-1",
          },
        ],
        "VpcId": {
          "Ref": "Vpc8378EB38",
        },
      },
      "Type": "AWS::EC2::SecurityGroup",
    },
    "AppSecurityGroupC396D536": {
      "Properties": {
        "GroupDescription": "SPS ECS application tasks (prod)",
        "SecurityGroupEgress": [
          {
            "CidrIp": "0.0.0.0/0",
            "Description": "Allow all outbound traffic by default",
            "IpProtocol": "-1",
          },
        ],
        "VpcId": {
          "Ref": "Vpc8378EB38",
        },
      },
      "Type": "AWS::EC2::SecurityGroup",
    },
    "EtlSecurityGroup5D059AE5": {
      "Properties": {
        "GroupDescription": "SPS ETL Lambdas (prod)",
        "SecurityGroupEgress": [
          {
            "CidrIp": "0.0.0.0/0",
            "Description": "Allow all outbound traffic by default",
            "IpProtocol": "-1",
          },
        ],
        "VpcId": {
          "Ref": "Vpc8378EB38",
        },
      },
      "Type": "AWS::EC2::SecurityGroup",
    },
    "NetalbsgidECB9ADC0": {
      "Properties": {
        "Name": "/sps/prod/net/alb-sg-id",
        "Type": "String",
        "Value": {
          "Fn::GetAtt": [
            "AlbSecurityGroup86A59E99",
            "GroupId",
          ],
        },
      },
      "Type": "AWS::SSM::Parameter",
    },
    "Netalbsubnet05FBA8A01": {
      "Properties": {
        "Name": "/sps/prod/net/alb-subnet-0",
        "Type": "String",
        "Value": {
          "Ref": "VpcpublicSubnet1Subnet2BB74ED7",
        },
      },
      "Type": "AWS::SSM::Parameter",
    },
    "Netalbsubnet14302E442": {
      "Properties": {
        "Name": "/sps/prod/net/alb-subnet-1",
        "Type": "String",
        "Value": {
          "Ref": "VpcpublicSubnet2SubnetE34B022A",
        },
      },
      "Type": "AWS::SSM::Parameter",
    },
    "Netappsgid183261BE": {
      "Properties": {
        "Name": "/sps/prod/net/app-sg-id",
        "Type": "String",
        "Value": {
          "Fn::GetAtt": [
            "AppSecurityGroupC396D536",
            "GroupId",
          ],
        },
      },
      "Type": "AWS::SSM::Parameter",
    },
    "Netappsubnet05FF4E17C": {
      "Properties": {
        "Name": "/sps/prod/net/app-subnet-0",
        "Type": "String",
        "Value": {
          "Ref": "VpcprivateSubnet1SubnetCEAD3716",
        },
      },
      "Type": "AWS::SSM::Parameter",
    },
    "Netappsubnet1EF7EF516": {
      "Properties": {
        "Name": "/sps/prod/net/app-subnet-1",
        "Type": "String",
        "Value": {
          "Ref": "VpcprivateSubnet2Subnet2DE7549C",
        },
      },
      "Type": "AWS::SSM::Parameter",
    },
    "Netdatasubnet039C8FAC9": {
      "Properties": {
        "Name": "/sps/prod/net/data-subnet-0",
        "Type": "String",
        "Value": {
          "Ref": "VpcprivateSubnet1SubnetCEAD3716",
        },
      },
      "Type": "AWS::SSM::Parameter",
    },
    "Netdatasubnet1BEEE32DD": {
      "Properties": {
        "Name": "/sps/prod/net/data-subnet-1",
        "Type": "String",
        "Value": {
          "Ref": "VpcprivateSubnet2Subnet2DE7549C",
        },
      },
      "Type": "AWS::SSM::Parameter",
    },
    "NetetlsgidBC9109E1": {
      "Properties": {
        "Name": "/sps/prod/net/etl-sg-id",
        "Type": "String",
        "Value": {
          "Fn::GetAtt": [
            "EtlSecurityGroup5D059AE5",
            "GroupId",
          ],
        },
      },
      "Type": "AWS::SSM::Parameter",
    },
    "NetvpcidF33A2AB4": {
      "Properties": {
        "Name": "/sps/prod/net/vpc-id",
        "Type": "String",
        "Value": {
          "Ref": "Vpc8378EB38",
        },
      },
      "Type": "AWS::SSM::Parameter",
    },
    "Vpc8378EB38": {
      "Properties": {
        "CidrBlock": "10.10.0.0/16",
        "EnableDnsHostnames": true,
        "EnableDnsSupport": true,
        "InstanceTenancy": "default",
        "Tags": [
          {
            "Key": "Name",
            "Value": "Sps-Network-prod/Vpc",
          },
        ],
      },
      "Type": "AWS::EC2::VPC",
    },
    "VpcIGWD7BA715C": {
      "Properties": {
        "Tags": [
          {
            "Key": "Name",
            "Value": "Sps-Network-prod/Vpc",
          },
        ],
      },
      "Type": "AWS::EC2::InternetGateway",
    },
    "VpcVPCGWBF912B6E": {
      "Properties": {
        "InternetGatewayId": {
          "Ref": "VpcIGWD7BA715C",
        },
        "VpcId": {
          "Ref": "Vpc8378EB38",
        },
      },
      "Type": "AWS::EC2::VPCGatewayAttachment",
    },
    "VpcprivateSubnet1DefaultRouteB506891A": {
      "Properties": {
        "DestinationCidrBlock": "0.0.0.0/0",
        "NatGatewayId": {
          "Ref": "VpcpublicSubnet1NATGatewayA036E8A6",
        },
        "RouteTableId": {
          "Ref": "VpcprivateSubnet1RouteTable1979EACB",
        },
      },
      "Type": "AWS::EC2::Route",
    },
    "VpcprivateSubnet1RouteTable1979EACB": {
      "Properties": {
        "Tags": [
          {
            "Key": "Name",
            "Value": "Sps-Network-prod/Vpc/privateSubnet1",
          },
        ],
        "VpcId": {
          "Ref": "Vpc8378EB38",
        },
      },
      "Type": "AWS::EC2::RouteTable",
    },
    "VpcprivateSubnet1RouteTableAssociationEEBD93CE": {
      "Properties": {
        "RouteTableId": {
          "Ref": "VpcprivateSubnet1RouteTable1979EACB",
        },
        "SubnetId": {
          "Ref": "VpcprivateSubnet1SubnetCEAD3716",
        },
      },
      "Type": "AWS::EC2::SubnetRouteTableAssociation",
    },
    "VpcprivateSubnet1SubnetCEAD3716": {
      "Properties": {
        "AvailabilityZone": "us-east-1a",
        "CidrBlock": "10.10.4.0/22",
        "MapPublicIpOnLaunch": false,
        "Tags": [
          {
            "Key": "aws-cdk:subnet-name",
            "Value": "private",
          },
          {
            "Key": "aws-cdk:subnet-type",
            "Value": "Private",
          },
          {
            "Key": "Name",
            "Value": "Sps-Network-prod/Vpc/privateSubnet1",
          },
        ],
        "VpcId": {
          "Ref": "Vpc8378EB38",
        },
      },
      "Type": "AWS::EC2::Subnet",
    },
    "VpcprivateSubnet2DefaultRouteBAC3C1C3": {
      "Properties": {
        "DestinationCidrBlock": "0.0.0.0/0",
        "NatGatewayId": {
          "Ref": "VpcpublicSubnet1NATGatewayA036E8A6",
        },
        "RouteTableId": {
          "Ref": "VpcprivateSubnet2RouteTable4D0FFC8C",
        },
      },
      "Type": "AWS::EC2::Route",
    },
    "VpcprivateSubnet2RouteTable4D0FFC8C": {
      "Properties": {
        "Tags": [
          {
            "Key": "Name",
            "Value": "Sps-Network-prod/Vpc/privateSubnet2",
          },
        ],
        "VpcId": {
          "Ref": "Vpc8378EB38",
        },
      },
      "Type": "AWS::EC2::RouteTable",
    },
    "VpcprivateSubnet2RouteTableAssociationB691E645": {
      "Properties": {
        "RouteTableId": {
          "Ref": "VpcprivateSubnet2RouteTable4D0FFC8C",
        },
        "SubnetId": {
          "Ref": "VpcprivateSubnet2Subnet2DE7549C",
        },
      },
      "Type": "AWS::EC2::SubnetRouteTableAssociation",
    },
    "VpcprivateSubnet2Subnet2DE7549C": {
      "Properties": {
        "AvailabilityZone": "us-east-1b",
        "CidrBlock": "10.10.8.0/22",
        "MapPublicIpOnLaunch": false,
        "Tags": [
          {
            "Key": "aws-cdk:subnet-name",
            "Value": "private",
          },
          {
            "Key": "aws-cdk:subnet-type",
            "Value": "Private",
          },
          {
            "Key": "Name",
            "Value": "Sps-Network-prod/Vpc/privateSubnet2",
          },
        ],
        "VpcId": {
          "Ref": "Vpc8378EB38",
        },
      },
      "Type": "AWS::EC2::Subnet",
    },
    "VpcpublicSubnet1DefaultRouteB88F9E93": {
      "DependsOn": [
        "VpcVPCGWBF912B6E",
      ],
      "Properties": {
        "DestinationCidrBlock": "0.0.0.0/0",
        "GatewayId": {
          "Ref": "VpcIGWD7BA715C",
        },
        "RouteTableId": {
          "Ref": "VpcpublicSubnet1RouteTable15C15F8E",
        },
      },
      "Type": "AWS::EC2::Route",
    },
    "VpcpublicSubnet1EIP411541E6": {
      "Properties": {
        "Domain": "vpc",
        "Tags": [
          {
            "Key": "Name",
            "Value": "Sps-Network-prod/Vpc/publicSubnet1",
          },
        ],
      },
      "Type": "AWS::EC2::EIP",
    },
    "VpcpublicSubnet1NATGatewayA036E8A6": {
      "DependsOn": [
        "VpcpublicSubnet1DefaultRouteB88F9E93",
        "VpcpublicSubnet1RouteTableAssociation4E83B6E4",
      ],
      "Properties": {
        "AllocationId": {
          "Fn::GetAtt": [
            "VpcpublicSubnet1EIP411541E6",
            "AllocationId",
          ],
        },
        "SubnetId": {
          "Ref": "VpcpublicSubnet1Subnet2BB74ED7",
        },
        "Tags": [
          {
            "Key": "Name",
            "Value": "Sps-Network-prod/Vpc/publicSubnet1",
          },
        ],
      },
      "Type": "AWS::EC2::NatGateway",
    },
    "VpcpublicSubnet1RouteTable15C15F8E": {
      "Properties": {
        "Tags": [
          {
            "Key": "Name",
            "Value": "Sps-Network-prod/Vpc/publicSubnet1",
          },
        ],
        "VpcId": {
          "Ref": "Vpc8378EB38",
        },
      },
      "Type": "AWS::EC2::RouteTable",
    },
    "VpcpublicSubnet1RouteTableAssociation4E83B6E4": {
      "Properties": {
        "RouteTableId": {
          "Ref": "VpcpublicSubnet1RouteTable15C15F8E",
        },
        "SubnetId": {
          "Ref": "VpcpublicSubnet1Subnet2BB74ED7",
        },
      },
      "Type": "AWS::EC2::SubnetRouteTableAssociation",
    },
    "VpcpublicSubnet1Subnet2BB74ED7": {
      "Properties": {
        "AvailabilityZone": "us-east-1a",
        "CidrBlock": "10.10.0.0/24",
        "MapPublicIpOnLaunch": true,
        "Tags": [
          {
            "Key": "aws-cdk:subnet-name",
            "Value": "public",
          },
          {
            "Key": "aws-cdk:subnet-type",
            "Value": "Public",
          },
          {
            "Key": "Name",
            "Value": "Sps-Network-prod/Vpc/publicSubnet1",
          },
        ],
        "VpcId": {
          "Ref": "Vpc8378EB38",
        },
      },
      "Type": "AWS::EC2::Subnet",
    },
    "VpcpublicSubnet2DefaultRoute732F0BEB": {
      "DependsOn": [
        "VpcVPCGWBF912B6E",
      ],
      "Properties": {
        "DestinationCidrBlock": "0.0.0.0/0",
        "GatewayId": {
          "Ref": "VpcIGWD7BA715C",
        },
        "RouteTableId": {
          "Ref": "VpcpublicSubnet2RouteTableC5A6DF77",
        },
      },
      "Type": "AWS::EC2::Route",
    },
    "VpcpublicSubnet2RouteTableAssociationCCE257FF": {
      "Properties": {
        "RouteTableId": {
          "Ref": "VpcpublicSubnet2RouteTableC5A6DF77",
        },
        "SubnetId": {
          "Ref": "VpcpublicSubnet2SubnetE34B022A",
        },
      },
      "Type": "AWS::EC2::SubnetRouteTableAssociation",
    },
    "VpcpublicSubnet2RouteTableC5A6DF77": {
      "Properties": {
        "Tags": [
          {
            "Key": "Name",
            "Value": "Sps-Network-prod/Vpc/publicSubnet2",
          },
        ],
        "VpcId": {
          "Ref": "Vpc8378EB38",
        },
      },
      "Type": "AWS::EC2::RouteTable",
    },
    "VpcpublicSubnet2SubnetE34B022A": {
      "Properties": {
        "AvailabilityZone": "us-east-1b",
        "CidrBlock": "10.10.1.0/24",
        "MapPublicIpOnLaunch": true,
        "Tags": [
          {
            "Key": "aws-cdk:subnet-name",
            "Value": "public",
          },
          {
            "Key": "aws-cdk:subnet-type",
            "Value": "Public",
          },
          {
            "Key": "Name",
            "Value": "Sps-Network-prod/Vpc/publicSubnet2",
          },
        ],
        "VpcId": {
          "Ref": "Vpc8378EB38",
        },
      },
      "Type": "AWS::EC2::Subnet",
    },
    "WcmResolverAssocMedCornellEdu": {
      "Properties": {
        "Name": "sps-prod-medcornelledu",
        "ResolverRuleId": "rslvr-rr-467f0939c1f2458e9",
        "VPCId": {
          "Ref": "Vpc8378EB38",
        },
      },
      "Type": "AWS::Route53Resolver::ResolverRuleAssociation",
    },
    "WcmResolverAssocWcmcAdNet": {
      "Properties": {
        "Name": "sps-prod-wcmcadnet",
        "ResolverRuleId": "rslvr-rr-56f32331b3a1441ba",
        "VPCId": {
          "Ref": "Vpc8378EB38",
        },
      },
      "Type": "AWS::Route53Resolver::ResolverRuleAssociation",
    },
    "WcmResolverAssocWeillCornellEdu": {
      "Properties": {
        "Name": "sps-prod-weillcornelledu",
        "ResolverRuleId": "rslvr-rr-58457e95d34548148",
        "VPCId": {
          "Ref": "Vpc8378EB38",
        },
      },
      "Type": "AWS::Route53Resolver::ResolverRuleAssociation",
    },
  },
  "Rules": {
    "CheckBootstrapVersion": {
      "Assertions": [
        {
          "Assert": {
            "Fn::Not": [
              {
                "Fn::Contains": [
                  [
                    "1",
                    "2",
                    "3",
                    "4",
                    "5",
                  ],
                  {
                    "Ref": "BootstrapVersion",
                  },
                ],
              },
            ],
          },
          "AssertDescription": "CDK bootstrap stack version 6 required. Please run 'cdk bootstrap' with a recent version of the CDK CLI.",
        },
      ],
    },
  },
}
`;
