// Jest Snapshot v1, https://goo.gl/fbAQLP

exports[`SecretsStack prod matches the snapshot 1`] = `
{
  "Outputs": {
    "AppRoArn": {
      "Description": "Secrets Manager ARN — scholars/prod/db/app-ro",
      "Value": {
        "Ref": "AppRo",
      },
    },
    "AppRwArn": {
      "Description": "Secrets Manager ARN — scholars/prod/db/app-rw",
      "Value": {
        "Ref": "AppRw",
      },
    },
    "EdgeOriginSharedSecretArn": {
      "Description": "Secrets Manager ARN — scholars/prod/edge/origin-shared-secret",
      "Value": {
        "Ref": "EdgeOriginSharedSecret",
      },
    },
    "EtlArn": {
      "Description": "Secrets Manager ARN — scholars/prod/db/etl",
      "Value": {
        "Ref": "Etl",
      },
    },
    "EtlAsmsArn": {
      "Description": "Secrets Manager ARN — scholars/prod/etl/asms",
      "Value": {
        "Ref": "EtlAsms",
      },
    },
    "EtlCoiArn": {
      "Description": "Secrets Manager ARN — scholars/prod/etl/coi",
      "Value": {
        "Ref": "EtlCoi",
      },
    },
    "EtlDynamodbArn": {
      "Description": "Secrets Manager ARN — scholars/prod/etl/dynamodb",
      "Value": {
        "Ref": "EtlDynamodb",
      },
    },
    "EtlEdArn": {
      "Description": "Secrets Manager ARN — scholars/prod/etl/ed",
      "Value": {
        "Ref": "EtlEd",
      },
    },
    "EtlHierarchyArn": {
      "Description": "Secrets Manager ARN — scholars/prod/etl/hierarchy",
      "Value": {
        "Ref": "EtlHierarchy",
      },
    },
    "EtlInfoedArn": {
      "Description": "Secrets Manager ARN — scholars/prod/etl/infoed",
      "Value": {
        "Ref": "EtlInfoed",
      },
    },
    "EtlReciterArn": {
      "Description": "Secrets Manager ARN — scholars/prod/etl/reciter",
      "Value": {
        "Ref": "EtlReciter",
      },
    },
    "EtlSpotlightArn": {
      "Description": "Secrets Manager ARN — scholars/prod/etl/spotlight",
      "Value": {
        "Ref": "EtlSpotlight",
      },
    },
    "OncallTeamsWebhookUrlArn": {
      "Description": "Secrets Manager ARN — scholars/prod/oncall/teams-webhook-url",
      "Value": {
        "Ref": "OncallTeamsWebhookUrl",
      },
    },
    "OpensearchAppArn": {
      "Description": "Secrets Manager ARN — scholars/prod/opensearch/app",
      "Value": {
        "Ref": "OpensearchApp",
      },
    },
    "OpensearchEtlArn": {
      "Description": "Secrets Manager ARN — scholars/prod/opensearch/etl",
      "Value": {
        "Ref": "OpensearchEtl",
      },
    },
    "OpensearchMasterArn": {
      "Description": "Secrets Manager ARN — scholars/prod/opensearch/master",
      "Value": {
        "Ref": "OpensearchMaster",
      },
    },
    "RevalidateTokenArn": {
      "Description": "Secrets Manager ARN — scholars/prod/revalidate-token",
      "Value": {
        "Ref": "RevalidateToken",
      },
    },
    "SamlIdpCertArn": {
      "Description": "Secrets Manager ARN — scholars/prod/saml/idp-cert",
      "Value": {
        "Ref": "SamlIdpCert",
      },
    },
    "SamlSpCertArn": {
      "Description": "Secrets Manager ARN — scholars/saml-sp/prod/cert",
      "Value": {
        "Ref": "SamlSpCert",
      },
    },
    "SamlSpPrivateKeyArn": {
      "Description": "Secrets Manager ARN — scholars/saml-sp/prod/private-key",
      "Value": {
        "Ref": "SamlSpPrivateKey",
      },
    },
  },
  "Parameters": {
    "BootstrapVersion": {
      "Default": "/cdk-bootstrap/hnb659fds/version",
      "Description": "Version of the CDK Bootstrap resources in this environment, automatically retrieved from SSM Parameter Store. [cdk:skip]",
      "Type": "AWS::SSM::Parameter::Value<String>",
    },
  },
  "Resources": {
    "AppRo": {
      "DeletionPolicy": "Retain",
      "Properties": {
        "Description": "SPS app reader DSN — backs the db.read PrismaClient (PRODUCTION_ADDENDUM § Reader/writer split).",
        "Name": "scholars/prod/db/app-ro",
      },
      "Type": "AWS::SecretsManager::Secret",
      "UpdateReplacePolicy": "Retain",
    },
    "AppRw": {
      "DeletionPolicy": "Retain",
      "Properties": {
        "Description": "SPS app writer DSN — used by /api/edit and one-shot prisma migrate deploy (PRODUCTION_ADDENDUM § Secrets).",
        "Name": "scholars/prod/db/app-rw",
      },
      "Type": "AWS::SecretsManager::Secret",
      "UpdateReplacePolicy": "Retain",
    },
    "EdgeOriginSharedSecret": {
      "DeletionPolicy": "Retain",
      "Properties": {
        "Description": "SPS CloudFront-to-ALB origin shared secret (B07). Forwarded as X-Origin-Verify; ALB listener admits only matching requests.",
        "Name": "scholars/prod/edge/origin-shared-secret",
      },
      "Type": "AWS::SecretsManager::Secret",
      "UpdateReplacePolicy": "Retain",
    },
    "Etl": {
      "DeletionPolicy": "Retain",
      "Properties": {
        "Description": "SPS ETL writer DSN (PRODUCTION_ADDENDUM § Secrets).",
        "Name": "scholars/prod/db/etl",
      },
      "Type": "AWS::SecretsManager::Secret",
      "UpdateReplacePolicy": "Retain",
    },
    "EtlAsms": {
      "DeletionPolicy": "Retain",
      "Properties": {
        "Description": "SPS ETL credentials — ASMS export endpoint (basic auth or signed URL).",
        "Name": "scholars/prod/etl/asms",
      },
      "Type": "AWS::SecretsManager::Secret",
      "UpdateReplacePolicy": "Retain",
    },
    "EtlCoi": {
      "DeletionPolicy": "Retain",
      "Properties": {
        "Description": "SPS ETL credentials — COI source endpoint.",
        "Name": "scholars/prod/etl/coi",
      },
      "Type": "AWS::SecretsManager::Secret",
      "UpdateReplacePolicy": "Retain",
    },
    "EtlDynamodb": {
      "DeletionPolicy": "Retain",
      "Properties": {
        "Description": "SPS ETL credentials — ReciterAI DynamoDB scan (IAM scoped).",
        "Name": "scholars/prod/etl/dynamodb",
      },
      "Type": "AWS::SecretsManager::Secret",
      "UpdateReplacePolicy": "Retain",
    },
    "EtlEd": {
      "DeletionPolicy": "Retain",
      "Properties": {
        "Description": "SPS ETL credentials — WCM Enterprise Directory (LDAP simple bind).",
        "Name": "scholars/prod/etl/ed",
      },
      "Type": "AWS::SecretsManager::Secret",
      "UpdateReplacePolicy": "Retain",
    },
    "EtlHierarchy": {
      "DeletionPolicy": "Retain",
      "Properties": {
        "Description": "SPS ETL credentials — annual hierarchy import (Jenzabar / org chart source).",
        "Name": "scholars/prod/etl/hierarchy",
      },
      "Type": "AWS::SecretsManager::Secret",
      "UpdateReplacePolicy": "Retain",
    },
    "EtlInfoed": {
      "DeletionPolicy": "Retain",
      "Properties": {
        "Description": "SPS ETL credentials — InfoEd grants export.",
        "Name": "scholars/prod/etl/infoed",
      },
      "Type": "AWS::SecretsManager::Secret",
      "UpdateReplacePolicy": "Retain",
    },
    "EtlReciter": {
      "DeletionPolicy": "Retain",
      "Properties": {
        "Description": "SPS ETL credentials — ReciterDB MySQL connection (SCHOLARS_RECITERDB_* host/port/database/username/password).",
        "Name": "scholars/prod/etl/reciter",
      },
      "Type": "AWS::SecretsManager::Secret",
      "UpdateReplacePolicy": "Retain",
    },
    "EtlSpotlight": {
      "DeletionPolicy": "Retain",
      "Properties": {
        "Description": "SPS ETL credentials — Spotlight S3 manifest + signed payload pull.",
        "Name": "scholars/prod/etl/spotlight",
      },
      "Type": "AWS::SecretsManager::Secret",
      "UpdateReplacePolicy": "Retain",
    },
    "OncallTeamsWebhookUrl": {
      "DeletionPolicy": "Retain",
      "Properties": {
        "Description": "SPS on-call Microsoft Teams channel webhook (B23). Seed before subscribing the page topic; see docs/oncall.md.",
        "Name": "scholars/prod/oncall/teams-webhook-url",
      },
      "Type": "AWS::SecretsManager::Secret",
      "UpdateReplacePolicy": "Retain",
    },
    "OpensearchApp": {
      "DeletionPolicy": "Retain",
      "Properties": {
        "Description": "SPS OpenSearch app user — read + suggest only (PRODUCTION_ADDENDUM § Secrets).",
        "Name": "scholars/prod/opensearch/app",
      },
      "Type": "AWS::SecretsManager::Secret",
      "UpdateReplacePolicy": "Retain",
    },
    "OpensearchEtl": {
      "DeletionPolicy": "Retain",
      "Properties": {
        "Description": "SPS OpenSearch ETL user — read + write (PRODUCTION_ADDENDUM § Secrets).",
        "Name": "scholars/prod/opensearch/etl",
      },
      "Type": "AWS::SecretsManager::Secret",
      "UpdateReplacePolicy": "Retain",
    },
    "OpensearchMaster": {
      "DeletionPolicy": "Retain",
      "Properties": {
        "Description": "SPS OpenSearch FGAC internal master user password (DataStack consumes via dynamic reference). Plain-string password; seed before DataStack deploy (#443).",
        "Name": "scholars/prod/opensearch/master",
      },
      "Type": "AWS::SecretsManager::Secret",
      "UpdateReplacePolicy": "Retain",
    },
    "RevalidateToken": {
      "DeletionPolicy": "Retain",
      "Properties": {
        "Description": "SPS /api/revalidate shared bearer (B04). Quarterly calendar rotation per docs/revalidate-token-rotation.md.",
        "Name": "scholars/prod/revalidate-token",
      },
      "Type": "AWS::SecretsManager::Secret",
      "UpdateReplacePolicy": "Retain",
    },
    "SamlIdpCert": {
      "DeletionPolicy": "Retain",
      "Properties": {
        "Description": "SPS SAML IdP signing certificate(s) (prod) — PEM trust anchor for assertion-signature verification. Seed with both rollover certs concatenated; rotate before the 2026-08-19 IdP cert expiry. See docs/saml-sp.md.",
        "Name": "scholars/prod/saml/idp-cert",
      },
      "Type": "AWS::SecretsManager::Secret",
      "UpdateReplacePolicy": "Retain",
    },
    "SamlSpCert": {
      "DeletionPolicy": "Retain",
      "Properties": {
        "Description": "SPS SAML SP public certificate (prod) — PEM published in SP metadata; pairs with scholars/saml-sp/prod/private-key. Seed out-of-band with the SP cert filed with WCM IT.",
        "Name": "scholars/saml-sp/prod/cert",
      },
      "Type": "AWS::SecretsManager::Secret",
      "UpdateReplacePolicy": "Retain",
    },
    "SamlSpPrivateKey": {
      "DeletionPolicy": "Retain",
      "Properties": {
        "Description": "SPS SAML SP private key (prod) — matches the SP cert filed with WCM IT. Pre-staged value in prod.",
        "Name": "scholars/saml-sp/prod/private-key",
      },
      "Type": "AWS::SecretsManager::Secret",
      "UpdateReplacePolicy": "Retain",
    },
  },
  "Rules": {
    "CheckBootstrapVersion": {
      "Assertions": [
        {
          "Assert": {
            "Fn::Not": [
              {
                "Fn::Contains": [
                  [
                    "1",
                    "2",
                    "3",
                    "4",
                    "5",
                  ],
                  {
                    "Ref": "BootstrapVersion",
                  },
                ],
              },
            ],
          },
          "AssertDescription": "CDK bootstrap stack version 6 required. Please run 'cdk bootstrap' with a recent version of the CDK CLI.",
        },
      ],
    },
  },
}
`;
