// Jest Snapshot v1, https://goo.gl/fbAQLP

exports[`SecretsStack prod matches the snapshot 1`] = `
{
  "Outputs": {
    "AppRoArn": {
      "Description": "Secrets Manager ARN — scholars/db/app-ro",
      "Value": {
        "Ref": "AppRo",
      },
    },
    "AppRwArn": {
      "Description": "Secrets Manager ARN — scholars/db/app-rw",
      "Value": {
        "Ref": "AppRw",
      },
    },
    "EtlArn": {
      "Description": "Secrets Manager ARN — scholars/db/etl",
      "Value": {
        "Ref": "Etl",
      },
    },
    "OpensearchAppArn": {
      "Description": "Secrets Manager ARN — scholars/opensearch/app",
      "Value": {
        "Ref": "OpensearchApp",
      },
    },
    "OpensearchEtlArn": {
      "Description": "Secrets Manager ARN — scholars/opensearch/etl",
      "Value": {
        "Ref": "OpensearchEtl",
      },
    },
    "RevalidateTokenArn": {
      "Description": "Secrets Manager ARN — scholars/revalidate-token",
      "Value": {
        "Ref": "RevalidateToken",
      },
    },
    "SamlSpPrivateKeyArn": {
      "Description": "Secrets Manager ARN — scholars/saml-sp/prod/private-key",
      "Value": {
        "Ref": "SamlSpPrivateKey",
      },
    },
  },
  "Parameters": {
    "BootstrapVersion": {
      "Default": "/cdk-bootstrap/hnb659fds/version",
      "Description": "Version of the CDK Bootstrap resources in this environment, automatically retrieved from SSM Parameter Store. [cdk:skip]",
      "Type": "AWS::SSM::Parameter::Value<String>",
    },
  },
  "Resources": {
    "AppRo": {
      "DeletionPolicy": "Retain",
      "Properties": {
        "Description": "SPS app reader DSN — backs the db.read PrismaClient (PRODUCTION_ADDENDUM § Reader/writer split).",
        "Name": "scholars/db/app-ro",
      },
      "Type": "AWS::SecretsManager::Secret",
      "UpdateReplacePolicy": "Retain",
    },
    "AppRw": {
      "DeletionPolicy": "Retain",
      "Properties": {
        "Description": "SPS app writer DSN — used by /api/edit and one-shot prisma migrate deploy (PRODUCTION_ADDENDUM § Secrets).",
        "Name": "scholars/db/app-rw",
      },
      "Type": "AWS::SecretsManager::Secret",
      "UpdateReplacePolicy": "Retain",
    },
    "Etl": {
      "DeletionPolicy": "Retain",
      "Properties": {
        "Description": "SPS ETL writer DSN (PRODUCTION_ADDENDUM § Secrets).",
        "Name": "scholars/db/etl",
      },
      "Type": "AWS::SecretsManager::Secret",
      "UpdateReplacePolicy": "Retain",
    },
    "OpensearchApp": {
      "DeletionPolicy": "Retain",
      "Properties": {
        "Description": "SPS OpenSearch app user — read + suggest only (PRODUCTION_ADDENDUM § Secrets).",
        "Name": "scholars/opensearch/app",
      },
      "Type": "AWS::SecretsManager::Secret",
      "UpdateReplacePolicy": "Retain",
    },
    "OpensearchEtl": {
      "DeletionPolicy": "Retain",
      "Properties": {
        "Description": "SPS OpenSearch ETL user — read + write (PRODUCTION_ADDENDUM § Secrets).",
        "Name": "scholars/opensearch/etl",
      },
      "Type": "AWS::SecretsManager::Secret",
      "UpdateReplacePolicy": "Retain",
    },
    "RevalidateToken": {
      "DeletionPolicy": "Retain",
      "Properties": {
        "Description": "SPS /api/revalidate shared bearer (B04). Quarterly calendar rotation per docs/revalidate-token-rotation.md.",
        "Name": "scholars/revalidate-token",
      },
      "Type": "AWS::SecretsManager::Secret",
      "UpdateReplacePolicy": "Retain",
    },
    "SamlSpPrivateKey": {
      "DeletionPolicy": "Retain",
      "Properties": {
        "Description": "SPS SAML SP private key (prod) — matches the SP cert filed with WCM IT. Pre-staged value in prod.",
        "Name": "scholars/saml-sp/prod/private-key",
      },
      "Type": "AWS::SecretsManager::Secret",
      "UpdateReplacePolicy": "Retain",
    },
  },
  "Rules": {
    "CheckBootstrapVersion": {
      "Assertions": [
        {
          "Assert": {
            "Fn::Not": [
              {
                "Fn::Contains": [
                  [
                    "1",
                    "2",
                    "3",
                    "4",
                    "5",
                  ],
                  {
                    "Ref": "BootstrapVersion",
                  },
                ],
              },
            ],
          },
          "AssertDescription": "CDK bootstrap stack version 6 required. Please run 'cdk bootstrap' with a recent version of the CDK CLI.",
        },
      ],
    },
  },
}
`;
